// Jest Snapshot v1, https://goo.gl/fbAQLP

exports[`correctly renders header component 1`] = `
<header>
  <h3>
    Expensify
  </h3>
  <nav>
    <[object Object]
      activeClassName="is-active"
      exact={true}
      to="/dashboard"
    >
      Dashboard
    </[object Object]>
    <[object Object]
      activeClassName="is-active"
      to="/create"
    >
      Create Expense
    </[object Object]>
    <button
      onClick={[MockFunction]}
    >
      Logout
    </button>
  </nav>
</header>
`;
