// Jest Snapshot v1, https://goo.gl/fbAQLP

exports[`renders log in page 1`] = `
<div>
  <button
    onClick={[MockFunction]}
  >
    Log In
  </button>
</div>
`;
