// Jest Snapshot v1, https://goo.gl/fbAQLP

exports[`renders not found page 1`] = `
<div>
  <h1>
    Status 404: Oops.. page not found
  </h1>
  <[object Object]
    to="/"
  >
    Go Home
  </[object Object]>
</div>
`;
